
> freestyle-tango@0.1.0 build
> next build

node.exe : ??Warning: Next.js inferred your workspace root, but it may not be c
orrect.
위치 줄:1 문자:1
+ & "C:\Program Files\nodejs/node.exe" "C:\Program Files\nodejs/node_mo ...
+ ~~~~~~~~~~~~~~~~~~~~~~~~~~~~~~~~~~~~~~~~~~~~~~~~~~~~~~~~~~~~~~~~~~~~~
    + CategoryInfo          : NotSpecified: (??Warning: Next...not be correct. 
   :String) [], RemoteException
    + FullyQualifiedErrorId : NativeCommandError
 
 We detected multiple lockfiles and selected the directory of C:\Users\stone\pa
ckage-lock.json as the root directory.
 To silence this warning, set `turbopack.root` in your Next.js config, or consi
der removing one of the lockfiles if it's not needed.
   See https://nextjs.org/docs/app/api-reference/config/next-config-js/turbopac
k#root-directory for more information.
 Detected additional lockfiles: 
   * C:\Users\stone\FreestyleTango\package-lock.json

??Next.js 16.2.1 (Turbopack)
- Environments: .env.local

  Creating an optimized production build ...
??Compiled successfully in 18.9s
  Running TypeScript ...
Failed to type check.

./src/lib/db.ts:1059:17
Type error: Cannot find name 'arrayUnion'.

  [90m1057 |[0m     status: data.progress === [35m100[0m ? [32m'solved'[0
m : [32m'ongoing'[0m,
  [90m1058 |[0m     updatedAt: now.toISOString(),
[31m[1m>[0m [90m1059 |[0m     milestones: arrayUnion({ progress: data.prog
ress, date: milestoneDate })
  [90m     |[0m                 [31m[1m^[0m
  [90m1060 |[0m   });
  [90m1061 |[0m   
  [90m1062 |[0m   [36mreturn[0m docRef;
Next.js build worker exited with code: 1 and signal: null
