node.exe : ??Warning: Next.js inferred your workspace root, but it may not be c
orrect.
위치 줄:1 문자:1
+ & "C:\Program Files\nodejs/node.exe" "C:\Program Files\nodejs/node_mo ...
+ ~~~~~~~~~~~~~~~~~~~~~~~~~~~~~~~~~~~~~~~~~~~~~~~~~~~~~~~~~~~~~~~~~~~~~
    + CategoryInfo          : NotSpecified: (??Warning: Next...not be correct. 
   :String) [], RemoteException
    + FullyQualifiedErrorId : NativeCommandError
 
 We detected multiple lockfiles and selected the directory of C:\Users\stone\pa
ckage-lock.json as the root directory.
 To silence this warning, set `turbopack.root` in your Next.js config, or consi
der removing one of the lockfiles if it's not needed.
   See https://nextjs.org/docs/app/api-reference/config/next-config-js/turbopac
k#root-directory for more information.
 Detected additional lockfiles: 
   * C:\Users\stone\FreestyleTango\package-lock.json

??Next.js 16.2.1 (Turbopack)
- Environments: .env.local

  Creating an optimized production build ...
??Compiled successfully in 5.2s
  Running TypeScript ...
Failed to type check.

./src/components/stay/CalendarSection/CalendarSection.tsx:825:78
Type error: Argument of type 'FullStayReservation | undefined' is not assignabl
e to parameter of type 'SetStateAction<FullStayReservation | null>'.
  Type 'undefined' is not assignable to type 'SetStateAction<FullStayReservatio
n | null>'.

  [90m823 |[0m ...oked && item.isStart ? styles.miniDayStart : [32m''[0m[3
2m}[0m
  [90m824 |[0m ...
[31m[1m>[0m [90m825 |[0m ...{() => isBooked && setSelectedResForDetail(ite
m.fullRes)}
  [90m    |[0m                                               [31m[1m^[0m
  [90m826 |[0m ...sBooked ? [32m`[0m${item.name[32m} ([0m${item.fullRes.c
heckIn[32m} ~ [0m${item.fullRes.checkOut[32m})`[0m : [32m`[0m${ite...
  [90m827 |[0m ...
  [90m828 |[0m ...y}
Next.js build worker exited with code: 1 and signal: null
